// Jest Snapshot v1, https://goo.gl/fbAQLP

exports[`Should render 404 page if page not found 1`] = `
<div>
  404 - 
  <Link
    replace={false}
    to="/"
  >
    Go to home page
  </Link>
</div>
`;
